[madebydesignesia.com/themes/kyros/index-particle-effect.html]
[backblue.gif]
[fade.gif]
[index.html]
[madebydesignesia.com/themes/kyros/images/icon.png]
[madebydesignesia.com/themes/kyros/css/bootstrap.min.css]
[madebydesignesia.com/themes/kyros/css/plugins.css]
[madebydesignesia.com/themes/kyros/css/style.css]
[madebydesignesia.com/themes/kyros/css/coloring.css]
[madebydesignesia.com/themes/kyros/index.html]
[madebydesignesia.com/themes/kyros/images/logo.png]
[madebydesignesia.com/themes/kyros/images/background/4.jpg]
[madebydesignesia.com/themes/kyros/images/background/2.jpg]
[madebydesignesia.com/themes/kyros/images/gallery/1.jpg]
[madebydesignesia.com/themes/kyros/images/gallery/2.jpg]
[madebydesignesia.com/themes/kyros/images/gallery/3.jpg]
[madebydesignesia.com/themes/kyros/images/gallery/4.jpg]
[madebydesignesia.com/themes/kyros/images/gallery/5.jpg]
[madebydesignesia.com/themes/kyros/images/gallery/6.jpg]
[madebydesignesia.com/themes/kyros/images/background/3.jpg]
[madebydesignesia.com/themes/kyros/images/blog/1.jpg]
[madebydesignesia.com/themes/kyros/images/blog/2.jpg]
[madebydesignesia.com/themes/kyros/images/blog/3.jpg]
[madebydesignesia.com/themes/kyros/images/blog/4.jpg]
[madebydesignesia.com/themes/kyros/images/blog/5.jpg]
[madebydesignesia.com/themes/kyros/images/blog/6.jpg]
[madebydesignesia.com/themes/kyros/images/background/5.jpg]
[madebydesignesia.com/themes/kyros/js/plugins.js]
[madebydesignesia.com/themes/kyros/js/designesia.js]
[www.google.com/recaptcha/api.js]
[madebydesignesia.com/themes/kyros/form.js]
[madebydesignesia.com/themes/kyros/js/particles.js]
[madebydesignesia.com/themes/kyros/js/app.js]
[madebydesignesia.com/themes/kyros/index-particle-effect.html]
[madebydesignesia.com/themes/kyros/css/bootstrap.min.css]
[madebydesignesia.com/themes/kyros/css/owl.video.play.png]
[madebydesignesia.com/themes/kyros/css/plugins.css]
[madebydesignesia.com/themes/kyros/fonts/font-awesome/css/font-awesome.css]
[madebydesignesia.com/themes/kyros/fonts/elegant_font/HTML_CSS/style.css]
[madebydesignesia.com/themes/kyros/fonts/et-line-font/style.css]
[madebydesignesia.com/themes/kyros/images/ui/arrow-down-form.png]
[madebydesignesia.com/themes/kyros/images/ui/arrow-down-form-hover.png]
[madebydesignesia.com/themes/kyros/images/background/16.jpg]
[madebydesignesia.com/themes/kyros/images/background/18.jpg]
[madebydesignesia.com/themes/kyros/images/dotted.png]
[madebydesignesia.com/themes/kyros/images/icon-slide-plus.png]
[madebydesignesia.com/themes/kyros/images/icon-slide-min.png]
[madebydesignesia.com/themes/kyros/images/close.png]
[madebydesignesia.com/themes/kyros/images/close-2.png]
[madebydesignesia.com/themes/kyros/images/icon-url.png]
[madebydesignesia.com/themes/kyros/images/icon-zoom.png]
[madebydesignesia.com/themes/kyros/images/list-arrow.png]
[madebydesignesia.com/themes/kyros/images/background/bg-header.jpg]
[madebydesignesia.com/themes/kyros/images/ui/btn-close-light.png]
[madebydesignesia.com/themes/kyros/images/page-loader.gif]
[madebydesignesia.com/themes/kyros/images/ui/arrow-down.png]
[madebydesignesia.com/themes/kyros/images/ui/arrow-down-light.png]
[madebydesignesia.com/themes/kyros/images/ui/arrow-up.png]
[madebydesignesia.com/themes/kyros/images/ui/arrow-up-light.png]
[madebydesignesia.com/themes/kyros/css/style.css]
[madebydesignesia.com/themes/kyros/css/coloring.css]
[madebydesignesia.com/themes/kyros/images/background/1.jpg]
[madebydesignesia.com/themes/kyros/index.html]
[madebydesignesia.com/themes/kyros/${e.image.src}]
[madebydesignesia.com/themes/kyros/js/plugins.js]
[madebydesignesia.com/themes/kyros/css/bootstrap.rtl.min.css]
[madebydesignesia.com/themes/kyros/css/bootstrap-grid.rtl.min.38.delayed]
[madebydesignesia.com/themes/kyros/css/bootstrap-reboot.rtl.min.css]
[madebydesignesia.com/themes/kyros/css/mdb.rtl.min.css]
[madebydesignesia.com/themes/kyros/css/bootstrap-grid.min.css]
[madebydesignesia.com/themes/kyros/css/bootstrap-reboot.min.css]
[madebydesignesia.com/themes/kyros/css/mdb.min.css]
[madebydesignesia.com/themes/kyros/js/designesia.js]
[madebydesignesia.com/themes/kyros/form.js]
[madebydesignesia.com/themes/kyros/GET]
[madebydesignesia.com/themes/kyros/Error pJS - No image.src]
[madebydesignesia.com/themes/kyros/js/particles.js]
[madebydesignesia.com/themes/kyros/js/app.js]
[madebydesignesia.com/themes/kyros/css/owl.video.play.html]
[madebydesignesia.com/themes/kyros/fonts/font-awesome/fonts/fontawesome-webfontd41d.eot]
[madebydesignesia.com/themes/kyros/fonts/font-awesome/fonts/fontawesome-webfont3e6e.eot]
[madebydesignesia.com/themes/kyros/fonts/font-awesome/fonts/fontawesome-webfont3e6e.woff2]
[madebydesignesia.com/themes/kyros/fonts/font-awesome/fonts/fontawesome-webfont3e6e.woff]
[madebydesignesia.com/themes/kyros/fonts/font-awesome/fonts/fontawesome-webfont3e6e.ttf]
[madebydesignesia.com/themes/kyros/fonts/font-awesome/css/font-awesome.css]
[madebydesignesia.com/themes/kyros/fonts/font-awesome/fonts/fontawesome-webfont3e6e.svg]
[madebydesignesia.com/themes/kyros/fonts/elegant_font/HTML_CSS/fonts/ElegantIcons.eot]
[madebydesignesia.com/themes/kyros/fonts/elegant_font/HTML_CSS/fonts/ElegantIconsd41d.eot]
[madebydesignesia.com/themes/kyros/fonts/elegant_font/HTML_CSS/fonts/ElegantIcons.woff]
[madebydesignesia.com/themes/kyros/fonts/elegant_font/HTML_CSS/fonts/ElegantIcons.ttf]
[madebydesignesia.com/themes/kyros/fonts/elegant_font/HTML_CSS/style.css]
[madebydesignesia.com/themes/kyros/fonts/elegant_font/HTML_CSS/fonts/ElegantIcons.svg]
[madebydesignesia.com/themes/kyros/fonts/et-line-font/fonts/et-line.eot]
[madebydesignesia.com/themes/kyros/fonts/et-line-font/fonts/et-lined41d.eot]
[madebydesignesia.com/themes/kyros/fonts/et-line-font/fonts/et-line.woff]
[madebydesignesia.com/themes/kyros/fonts/et-line-font/fonts/et-line.ttf]
[madebydesignesia.com/themes/kyros/fonts/et-line-font/style.css]
[madebydesignesia.com/themes/kyros/images/ui/arrow-down-form.html]
[madebydesignesia.com/themes/kyros/images/ui/arrow-down-form-hover.html]
[madebydesignesia.com/themes/kyros/images/background/16.html]
[madebydesignesia.com/themes/kyros/images/background/18.html]
[madebydesignesia.com/themes/kyros/images/dotted.html]
[madebydesignesia.com/themes/kyros/images/icon-slide-plus.html]
[madebydesignesia.com/themes/kyros/images/icon-slide-min.html]
[madebydesignesia.com/themes/kyros/images/close.html]
[madebydesignesia.com/themes/kyros/images/close-2.html]
[madebydesignesia.com/themes/kyros/images/icon-url.html]
[madebydesignesia.com/themes/kyros/images/icon-zoom.html]
[madebydesignesia.com/themes/kyros/images/list-arrow.html]
[madebydesignesia.com/themes/kyros/images/background/bg-header.html]
[madebydesignesia.com/themes/kyros/images/page-loader.html]
[madebydesignesia.com/themes/kyros/${e.image.html]
[madebydesignesia.com/themes/kyros/css/bootstrap.rtl.min.css]
[madebydesignesia.com/themes/kyros/css/bootstrap-grid.rtl.min.html]
[madebydesignesia.com/themes/kyros/css/bootstrap-reboot.rtl.min.html]
[madebydesignesia.com/themes/kyros/css/mdb.rtl.min.html]
[madebydesignesia.com/themes/kyros/css/bootstrap-grid.min.html]
[madebydesignesia.com/themes/kyros/css/bootstrap-reboot.min.html]
[madebydesignesia.com/themes/kyros/css/mdb.min.html]
[madebydesignesia.com/themes/kyros/GET.html]
[madebydesignesia.com/themes/kyros/Error pJS - No image.html]
[madebydesignesia.com/themes/kyros/fonts/et-line-font/fonts/et-line.svg]
[madebydesignesia.com/themes/kyros/fonts/font-awesome/fonts/fontawesome-webfont3e6e.svg]
[madebydesignesia.com/themes/kyros/fonts/elegant_font/HTML_CSS/fonts/ElegantIcons.svg]
[madebydesignesia.com/themes/kyros/fonts/et-line-font/fonts/et-line.svg]
